--
-- Test the DROP FOREIGN TABLE command for cstore_fdw tables.
--
-- Check that files for the automatically managed table exist in the
-- cstore_fdw/{databaseoid} directory.
SELECT count(*) FROM (
	SELECT pg_ls_dir('cstore_fdw/' || databaseoid ) FROM (
	SELECT oid::text databaseoid FROM pg_database WHERE datname = current_database()
	) AS q1) AS q2;
 count 
-------
     2
(1 row)

-- DROP cstore_fdw tables
DROP FOREIGN TABLE contestant;
DROP FOREIGN TABLE contestant_compressed;
-- Create a cstore_fdw table under a schema and drop it.
CREATE SCHEMA test_schema;
CREATE FOREIGN TABLE test_schema.test_table(data int) SERVER cstore_server;
DROP SCHEMA test_schema CASCADE;
NOTICE:  drop cascades to foreign table test_schema.test_table
-- Check that the files have been deleted and the directory is empty after the
-- DROP table command.
SELECT count(*) FROM (
	SELECT pg_ls_dir('cstore_fdw/' || databaseoid ) FROM (
	SELECT oid::text databaseoid FROM pg_database WHERE datname = current_database()
	) AS q1) AS q2;
 count 
-------
     0
(1 row)

